{
"issues":  [
{
"id":  "S1694",
"message":  "Convert this 'abstract' class to an interface.",
"location":  {
"uri":  "sources\akka.net\src\core\Akka.TestKit\MessageEnvelope.cs",
"region":  {
"startLine":  12,
"startColumn":  27,
"endLine":  12,
"endColumn":  42
}
}
},
{
"id":  "S1694",
"message":  "Convert this 'abstract' class to a concrete type with a protected constructor.",
"location":  {
"uri":  "sources\akka.net\src\core\Akka.TestKit\TestActorRefBase.cs",
"region":  {
"startLine":  22,
"startColumn":  27,
"endLine":  22,
"endColumn":  43
}
}
},
{
"id":  "S1694",
"message":  "Convert this 'abstract' class to a concrete type with a protected constructor.",
"location":  {
"uri":  "sources\akka.net\src\core\Akka.TestKit\TestKitBase.cs",
"region":  {
"startLine":  22,
"startColumn":  35,
"endLine":  22,
"endColumn":  46
}
}
},
{
"id":  "S1694",
"message":  "Convert this 'abstract' class to a concrete type with a protected constructor.",
"location":  {
"uri":  "sources\akka.net\src\core\Akka.TestKit\TestKitBase_ActorOf.cs",
"region":  {
"startLine":  15,
"startColumn":  26,
"endLine":  15,
"endColumn":  37
}
}
},
{
"id":  "S1694",
"message":  "Convert this 'abstract' class to a concrete type with a protected constructor.",
"location":  {
"uri":  "sources\akka.net\src\core\Akka.TestKit\TestKitBase_AwaitAssert.cs",
"region":  {
"startLine":  14,
"startColumn":  35,
"endLine":  14,
"endColumn":  46
}
}
},
{
"id":  "S1694",
"message":  "Convert this 'abstract' class to a concrete type with a protected constructor.",
"location":  {
"uri":  "sources\akka.net\src\core\Akka.TestKit\TestKitBase_AwaitConditions.cs",
"region":  {
"startLine":  15,
"startColumn":  35,
"endLine":  15,
"endColumn":  46
}
}
},
{
"id":  "S1694",
"message":  "Convert this 'abstract' class to a concrete type with a protected constructor.",
"location":  {
"uri":  "sources\akka.net\src\core\Akka.TestKit\TestKitBase_Expect.cs",
"region":  {
"startLine":  18,
"startColumn":  35,
"endLine":  18,
"endColumn":  46
}
}
},
{
"id":  "S1694",
"message":  "Convert this 'abstract' class to a concrete type with a protected constructor.",
"location":  {
"uri":  "sources\akka.net\src\core\Akka.TestKit\TestKitBase_ExpectMsgFrom.cs",
"region":  {
"startLine":  13,
"startColumn":  35,
"endLine":  13,
"endColumn":  46
}
}
},
{
"id":  "S1694",
"message":  "Convert this 'abstract' class to a concrete type with a protected constructor.",
"location":  {
"uri":  "sources\akka.net\src\core\Akka.TestKit\TestKitBase_Receive.cs",
"region":  {
"startLine":  16,
"startColumn":  35,
"endLine":  16,
"endColumn":  46
}
}
},
{
"id":  "S1694",
"message":  "Convert this 'abstract' class to a concrete type with a protected constructor.",
"location":  {
"uri":  "sources\akka.net\src\core\Akka.TestKit\TestKitBase_Within.cs",
"region":  {
"startLine":  14,
"startColumn":  35,
"endLine":  14,
"endColumn":  46
}
}
}
]
}
