{
"issues":  [
{
"id":  "S1694",
"message":  "Convert this 'abstract' class to an interface.",
"location":  {
"uri":  "sources\Net5\Net5\CovariantReturn.cs",
"region":  {
"startLine":  8,
"startColumn":  27,
"endLine":  8,
"endColumn":  33
}
}
},
{
"id":  "S1694",
"message":  "Convert this 'abstract' record to an interface.",
"location":  {
"uri":  "sources\Net5\Net5\Records.cs",
"region":  {
"startLine":  35,
"startColumn":  28,
"endLine":  35,
"endColumn":  42
}
}
}
]
}
